[05/14/26 00:05:22] INFO     Starting AutoRecLab...                                                           main.py:25
                    INFO     Initializing agent...                                                   minimal_agent.py:52
                    INFO     Engineering code requirements...                                       minimal_agent.py:508
[05/14/26 00:05:31] INFO     Done.                                                                  minimal_agent.py:527
                    INFO     Agent initialized!                                                      minimal_agent.py:64
                    INFO     Initializing agent...                                                    interpreter.py:102
                    INFO     Interpreter initialized!                                                 interpreter.py:112
                    INFO     Starting tree search...                                                        search.py:63
                    INFO     Generating draft node 1/3                                                      search.py:66
[cyan]--------------------------------[/cyan]
[cyan]self.task_desc[/cyan]
[cyan] You are an expert recommender systems research assistant who is looking to help the user with their requests.
The user has some idea and you want to conduct creative experiments to gain scientific insights.
Your aim is to run experiments to gather sufficient results to report back to the user.
The idea is:

I'd like to run an experiment to quantify how much random seeds affect recommender system results.
Please use a simple ImplicitMF algorithm from LensKit, perform a train/test split on the MovieLens100K 'u.data',
train it multiple times with identical settings but different random seeds,
and analyze how metrics like NDCG or Recall vary across runs to find out if reporting seeds is important.
I placed the 'u.data' file of MovieLens100K in your current working directory. You can load it from there![/cyan]
[cyan]--------------------------------[/cyan]
MinimalAgent: Getting plan and code
MinimalAgent: Draft complete
[05/14/26 00:05:56] INFO     Node identified as buggy: Execution failed immediately with            minimal_agent.py:571
                             `ModuleNotFoundError: No module named 'matplotlib'` at `import
                             matplotlib.pyplot as plt`, so none of the experiment logic ran and no
                             metrics/results were produced. Fix by installing matplotlib in the
                             environment (e.g., `pip install matplotlib`) or making plotting
                             optional: move the import into the visualization block and guard it
                             with `try/except ImportError` so the seed-sensitivity experiment can
                             still run and save numeric results without plots. Also verify that
                             LensKit is installed, since the script would next depend on `lenskit`
                             imports.
                    INFO     Generating draft node 2/3                                                      search.py:66
[cyan]--------------------------------[/cyan]
[cyan]self.task_desc[/cyan]
[cyan] You are an expert recommender systems research assistant who is looking to help the user with their requests.
The user has some idea and you want to conduct creative experiments to gain scientific insights.
Your aim is to run experiments to gather sufficient results to report back to the user.
The idea is:

I'd like to run an experiment to quantify how much random seeds affect recommender system results.
Please use a simple ImplicitMF algorithm from LensKit, perform a train/test split on the MovieLens100K 'u.data',
train it multiple times with identical settings but different random seeds,
and analyze how metrics like NDCG or Recall vary across runs to find out if reporting seeds is important.
I placed the 'u.data' file of MovieLens100K in your current working directory. You can load it from there![/cyan]
[cyan]--------------------------------[/cyan]
MinimalAgent: Getting plan and code
MinimalAgent: Draft complete
[05/14/26 00:06:26] INFO     Node identified as buggy: Execution failed immediately with            minimal_agent.py:571
                             `ModuleNotFoundError: No module named 'matplotlib'` at the import
                             stage, so none of the experiment logic ran and no metrics, summaries,
                             or plots were produced. Fix by installing matplotlib in the
                             environment (e.g. `pip install matplotlib`) or by making plotting
                             optional: move `import matplotlib.pyplot as plt` into the
                             visualization section and guard it with `try/except ImportError` so
                             the core LensKit experiment can still run and save numeric results
                             even without plotting.
                    INFO     Generating draft node 3/3                                                      search.py:66
[cyan]--------------------------------[/cyan]
[cyan]self.task_desc[/cyan]
[cyan] You are an expert recommender systems research assistant who is looking to help the user with their requests.
The user has some idea and you want to conduct creative experiments to gain scientific insights.
Your aim is to run experiments to gather sufficient results to report back to the user.
The idea is:

I'd like to run an experiment to quantify how much random seeds affect recommender system results.
Please use a simple ImplicitMF algorithm from LensKit, perform a train/test split on the MovieLens100K 'u.data',
train it multiple times with identical settings but different random seeds,
and analyze how metrics like NDCG or Recall vary across runs to find out if reporting seeds is important.
I placed the 'u.data' file of MovieLens100K in your current working directory. You can load it from there![/cyan]
[cyan]--------------------------------[/cyan]
MinimalAgent: Getting plan and code
MinimalAgent: Draft complete
[05/14/26 00:07:09] INFO     Node identified as buggy: Execution failed immediately with            minimal_agent.py:571
                             `ModuleNotFoundError: No module named 'matplotlib'` at `import
                             matplotlib.pyplot as plt`, so no training, recommendations, metrics,
                             or plots were produced. Fix by installing matplotlib in the runtime
                             (`pip install matplotlib`) or by making plotting optional, e.g.
                             wrapping the import in `try/except ImportError` and skipping the
                             visualization/saving section when unavailable. After that, rerun to
                             confirm LensKit and the other dependencies are also installed.
                    INFO     Treesearch iteration 1/10                                                      search.py:74
Traceback (most recent call last):
Traceback (most recent call last):
  File "<string>", line 1, in <module>
  File "<string>", line 1, in <module>
Traceback (most recent call last):
  File "C:\Program Files\Python311\Lib\multiprocessing\spawn.py", line 122, in spawn_main
  File "C:\Program Files\Python311\Lib\multiprocessing\spawn.py", line 122, in spawn_main
  File "<string>", line 1, in <module>
  File "C:\Program Files\Python311\Lib\multiprocessing\spawn.py", line 122, in spawn_main
Traceback (most recent call last):
  File "<string>", line 1, in <module>
  File "C:\Program Files\Python311\Lib\multiprocessing\spawn.py", line 122, in spawn_main
    exitcode = _main(fd, parent_sentinel)
    exitcode = _main(fd, parent_sentinel)
    exitcode = _main(fd, parent_sentinel)
    exitcode = _main(fd, parent_sentinel)
               ^^^^^^^^^^^^^^^^^^^^^^^^^^
               ^^^^^^^^^^^^^^^^^^^^^^^^^^
               ^^^^^^^^^^^^^^^^^^^^^^^^^^
               ^^^^^^^^^^^^^^^^^^^^^^^^^^
  File "C:\Program Files\Python311\Lib\multiprocessing\spawn.py", line 131, in _main
  File "C:\Program Files\Python311\Lib\multiprocessing\spawn.py", line 131, in _main
  File "C:\Program Files\Python311\Lib\multiprocessing\spawn.py", line 131, in _main
  File "C:\Program Files\Python311\Lib\multiprocessing\spawn.py", line 131, in _main
    prepare(preparation_data)
    prepare(preparation_data)
    prepare(preparation_data)
    prepare(preparation_data)
  File "C:\Program Files\Python311\Lib\multiprocessing\spawn.py", line 246, in prepare
  File "C:\Program Files\Python311\Lib\multiprocessing\spawn.py", line 246, in prepare
  File "C:\Program Files\Python311\Lib\multiprocessing\spawn.py", line 246, in prepare
  File "C:\Program Files\Python311\Lib\multiprocessing\spawn.py", line 246, in prepare
    _fixup_main_from_path(data['init_main_from_path'])
    _fixup_main_from_path(data['init_main_from_path'])
    _fixup_main_from_path(data['init_main_from_path'])
    _fixup_main_from_path(data['init_main_from_path'])
  File "C:\Program Files\Python311\Lib\multiprocessing\spawn.py", line 297, in _fixup_main_from_path
  File "C:\Program Files\Python311\Lib\multiprocessing\spawn.py", line 297, in _fixup_main_from_path
  File "C:\Program Files\Python311\Lib\multiprocessing\spawn.py", line 297, in _fixup_main_from_path
  File "C:\Program Files\Python311\Lib\multiprocessing\spawn.py", line 297, in _fixup_main_from_path
    main_content = runpy.run_path(main_path,
    main_content = runpy.run_path(main_path,
    main_content = runpy.run_path(main_path,
    main_content = runpy.run_path(main_path,
                   ^^^^^^^^^^^^^^^^^^^^^^^^^
  File "<frozen runpy>", line 291, in run_path
                   ^^^^^^^^^^^^^^^^^^^^^^^^^
  File "<frozen runpy>", line 291, in run_path
  File "<frozen runpy>", line 98, in _run_module_code
  File "<frozen runpy>", line 88, in _run_code
  File "C:\Users\Amine\desktop\MLP_Amineb99\autoreclab\main.py", line 4, in <module>
                   ^^^^^^^^^^^^^^^^^^^^^^^^^
  File "<frozen runpy>", line 291, in run_path
  File "<frozen runpy>", line 98, in _run_module_code
  File "<frozen runpy>", line 88, in _run_code
  File "C:\Users\Amine\desktop\MLP_Amineb99\autoreclab\main.py", line 4, in <module>
                   ^^^^^^^^^^^^^^^^^^^^^^^^^
  File "<frozen runpy>", line 291, in run_path
  File "<frozen runpy>", line 98, in _run_module_code
  File "<frozen runpy>", line 88, in _run_code
    from treesearch.search import TreeSearch
  File "C:\Users\Amine\desktop\MLP_Amineb99\autoreclab\treesearch\search.py", line 10, in <module>
    from treesearch.search import TreeSearch
  File "C:\Users\Amine\desktop\MLP_Amineb99\autoreclab\treesearch\search.py", line 10, in <module>
  File "<frozen runpy>", line 98, in _run_module_code
  File "<frozen runpy>", line 88, in _run_code
  File "C:\Users\Amine\desktop\MLP_Amineb99\autoreclab\main.py", line 4, in <module>
  File "C:\Users\Amine\desktop\MLP_Amineb99\autoreclab\main.py", line 4, in <module>
    from treesearch.search import TreeSearch
  File "C:\Users\Amine\desktop\MLP_Amineb99\autoreclab\treesearch\search.py", line 10, in <module>
    from treesearch.search import TreeSearch
  File "C:\Users\Amine\desktop\MLP_Amineb99\autoreclab\treesearch\search.py", line 10, in <module>
    from treesearch.interpreter import Interpreter
  File "C:\Users\Amine\desktop\MLP_Amineb99\autoreclab\treesearch\interpreter.py", line 22, in <module>
    from treesearch.interpreter import Interpreter
  File "C:\Users\Amine\desktop\MLP_Amineb99\autoreclab\treesearch\interpreter.py", line 22, in <module>
    from treesearch.interpreter import Interpreter
  File "C:\Users\Amine\desktop\MLP_Amineb99\autoreclab\treesearch\interpreter.py", line 22, in <module>
    from treesearch.interpreter import Interpreter
  File "C:\Users\Amine\desktop\MLP_Amineb99\autoreclab\treesearch\interpreter.py", line 22, in <module>
    from utils.log import _ROOT_LOGGER
  File "C:\Users\Amine\desktop\MLP_Amineb99\autoreclab\utils\log.py", line 14, in <module>
    from utils.log import _ROOT_LOGGER
  File "C:\Users\Amine\desktop\MLP_Amineb99\autoreclab\utils\log.py", line 14, in <module>
    from utils.log import _ROOT_LOGGER
  File "C:\Users\Amine\desktop\MLP_Amineb99\autoreclab\utils\log.py", line 14, in <module>
    from utils.log import _ROOT_LOGGER
    file_handler = logging.FileHandler("out/debug.log")
                   ^^^^^^^^^^^^^^^^^^^^^^^^^^^^^^^^^^^^
  File "C:\Program Files\Python311\Lib\logging\__init__.py", line 1181, in __init__
  File "C:\Users\Amine\desktop\MLP_Amineb99\autoreclab\utils\log.py", line 14, in <module>
    file_handler = logging.FileHandler("out/debug.log")
                   ^^^^^^^^^^^^^^^^^^^^^^^^^^^^^^^^^^^^
  File "C:\Program Files\Python311\Lib\logging\__init__.py", line 1181, in __init__
    file_handler = logging.FileHandler("out/debug.log")
                   ^^^^^^^^^^^^^^^^^^^^^^^^^^^^^^^^^^^^
    file_handler = logging.FileHandler("out/debug.log")
                   ^^^^^^^^^^^^^^^^^^^^^^^^^^^^^^^^^^^^
  File "C:\Program Files\Python311\Lib\logging\__init__.py", line 1181, in __init__
  File "C:\Program Files\Python311\Lib\logging\__init__.py", line 1181, in __init__
    StreamHandler.__init__(self, self._open())
    StreamHandler.__init__(self, self._open())
                                 ^^^^^^^^^^^^
                                 ^^^^^^^^^^^^
  File "C:\Program Files\Python311\Lib\logging\__init__.py", line 1213, in _open
    StreamHandler.__init__(self, self._open())
                                 ^^^^^^^^^^^^
  File "C:\Program Files\Python311\Lib\logging\__init__.py", line 1213, in _open
    StreamHandler.__init__(self, self._open())
    return open_func(self.baseFilename, self.mode,
  File "C:\Program Files\Python311\Lib\logging\__init__.py", line 1213, in _open
                                 ^^^^^^^^^^^^
           ^^^^^^^^^^^^^^^^^^^^^^^^^^^^^^^^^^^^^^^
  File "C:\Program Files\Python311\Lib\logging\__init__.py", line 1213, in _open
FileNotFoundError: [Errno 2] No such file or directory: 'C:\\Users\\Amine\\Desktop\\MLP_AmineB99\\AutoRecLab\\workspace\\out\\debug.log'
    return open_func(self.baseFilename, self.mode,
           ^^^^^^^^^^^^^^^^^^^^^^^^^^^^^^^^^^^^^^^
FileNotFoundError: [Errno 2] No such file or directory: 'C:\\Users\\Amine\\Desktop\\MLP_AmineB99\\AutoRecLab\\workspace\\out\\debug.log'
    return open_func(self.baseFilename, self.mode,
           ^^^^^^^^^^^^^^^^^^^^^^^^^^^^^^^^^^^^^^^
FileNotFoundError: [Errno 2] No such file or directory: 'C:\\Users\\Amine\\Desktop\\MLP_AmineB99\\AutoRecLab\\workspace\\out\\debug.log'
    return open_func(self.baseFilename, self.mode,
           ^^^^^^^^^^^^^^^^^^^^^^^^^^^^^^^^^^^^^^^
FileNotFoundError: [Errno 2] No such file or directory: 'C:\\Users\\Amine\\Desktop\\MLP_AmineB99\\AutoRecLab\\workspace\\out\\debug.log'
[05/14/26 00:08:09] INFO     Node identified as buggy: Execution failed with a runtime exception:   minimal_agent.py:571
                             `concurrent.futures.process.BrokenProcessPool` inside
                             `lenskit.batch.recommend(rec_algo, users, K)`. This means the
                             recommendation phase crashed in LensKit's multiprocessing worker pool,
                             so no final metrics/summary were produced. The likely cause is LensKit
                             batch recommendation using process-based parallelism on this
                             Windows/Python 3.11 setup, where the recommender object or worker
                             state is not surviving pickling/spawn, or a worker is crashing
                             internally. Fixes: (1) avoid process-parallel batch recommendation and
                             run recommendations serially or with a single worker, e.g. loop over
                             users and call `rec_algo.recommend(user, K)` then concatenate results,
                             or use a LensKit option that disables multiprocessing / sets
                             `n_jobs=1` if available; (2) alternatively protect code with `if
                             __name__ == '__main__':` when running on Windows, since spawned
                             subprocesses require it; (3) if the issue persists, downgrade/upgrade
                             to a LensKit/Python combination known to work, as some LensKit
                             versions have multiprocessing issues on Windows with Python 3.11.
                             Until this is changed, the experiment did not complete and the saved
                             outputs after line 69 were not generated.
                    INFO     Treesearch iteration 2/10                                                      search.py:74
Traceback (most recent call last):
  File "<string>", line 1, in <module>
  File "C:\Program Files\Python311\Lib\multiprocessing\spawn.py", line 122, in spawn_main
    exitcode = _main(fd, parent_sentinel)
               ^^^^^^^^^^^^^^^^^^^^^^^^^^
  File "C:\Program Files\Python311\Lib\multiprocessing\spawn.py", line 131, in _main
    prepare(preparation_data)
  File "C:\Program Files\Python311\Lib\multiprocessing\spawn.py", line 246, in prepare
    _fixup_main_from_path(data['init_main_from_path'])
  File "C:\Program Files\Python311\Lib\multiprocessing\spawn.py", line 297, in _fixup_main_from_path
    main_content = runpy.run_path(main_path,
                   ^^^^^^^^^^^^^^^^^^^^^^^^^
  File "<frozen runpy>", line 291, in run_path
  File "<frozen runpy>", line 98, in _run_module_code
  File "<frozen runpy>", line 88, in _run_code
  File "C:\Users\Amine\desktop\MLP_Amineb99\autoreclab\main.py", line 4, in <module>
    from treesearch.search import TreeSearch
  File "C:\Users\Amine\desktop\MLP_Amineb99\autoreclab\treesearch\search.py", line 10, in <module>
    from treesearch.interpreter import Interpreter
  File "C:\Users\Amine\desktop\MLP_Amineb99\autoreclab\treesearch\interpreter.py", line 22, in <module>
    from utils.log import _ROOT_LOGGER
Traceback (most recent call last):
  File "C:\Users\Amine\desktop\MLP_Amineb99\autoreclab\utils\log.py", line 14, in <module>
  File "<string>", line 1, in <module>
  File "C:\Program Files\Python311\Lib\multiprocessing\spawn.py", line 122, in spawn_main
    file_handler = logging.FileHandler("out/debug.log")
    exitcode = _main(fd, parent_sentinel)
                   ^^^^^^^^^^^^^^^^^^^^^^^^^^^^^^^^^^^^
               ^^^^^^^^^^^^^^^^^^^^^^^^^^
  File "C:\Program Files\Python311\Lib\logging\__init__.py", line 1181, in __init__
  File "C:\Program Files\Python311\Lib\multiprocessing\spawn.py", line 131, in _main
    prepare(preparation_data)
  File "C:\Program Files\Python311\Lib\multiprocessing\spawn.py", line 246, in prepare
    _fixup_main_from_path(data['init_main_from_path'])
  File "C:\Program Files\Python311\Lib\multiprocessing\spawn.py", line 297, in _fixup_main_from_path
    StreamHandler.__init__(self, self._open())
    main_content = runpy.run_path(main_path,
                   ^^^^^^^^^^^^^^^^^^^^^^^^^
  File "<frozen runpy>", line 291, in run_path
  File "<frozen runpy>", line 98, in _run_module_code
                                 ^^^^^^^^^^^^
  File "<frozen runpy>", line 88, in _run_code
  File "C:\Users\Amine\desktop\MLP_Amineb99\autoreclab\main.py", line 4, in <module>
  File "C:\Program Files\Python311\Lib\logging\__init__.py", line 1213, in _open
    from treesearch.search import TreeSearch
  File "C:\Users\Amine\desktop\MLP_Amineb99\autoreclab\treesearch\search.py", line 10, in <module>
    return open_func(self.baseFilename, self.mode,
Traceback (most recent call last):
           ^^^^^^^^^^^^^^^^^^^^^^^^^^^^^^^^^^^^^^^
  File "<string>", line 1, in <module>
FileNotFoundError: [Errno 2] No such file or directory: 'C:\\Users\\Amine\\Desktop\\MLP_AmineB99\\AutoRecLab\\workspace\\out\\debug.log'
    from treesearch.interpreter import Interpreter
  File "C:\Users\Amine\desktop\MLP_Amineb99\autoreclab\treesearch\interpreter.py", line 22, in <module>
  File "C:\Program Files\Python311\Lib\multiprocessing\spawn.py", line 122, in spawn_main
Traceback (most recent call last):
    from utils.log import _ROOT_LOGGER
  File "<string>", line 1, in <module>
  File "C:\Users\Amine\desktop\MLP_Amineb99\autoreclab\utils\log.py", line 14, in <module>
  File "C:\Program Files\Python311\Lib\multiprocessing\spawn.py", line 122, in spawn_main
    exitcode = _main(fd, parent_sentinel)
    file_handler = logging.FileHandler("out/debug.log")
    exitcode = _main(fd, parent_sentinel)
                   ^^^^^^^^^^^^^^^^^^^^^^^^^^^^^^^^^^^^
               ^^^^^^^^^^^^^^^^^^^^^^^^^^
               ^^^^^^^^^^^^^^^^^^^^^^^^^^
  File "C:\Program Files\Python311\Lib\logging\__init__.py", line 1181, in __init__
  File "C:\Program Files\Python311\Lib\multiprocessing\spawn.py", line 131, in _main
  File "C:\Program Files\Python311\Lib\multiprocessing\spawn.py", line 131, in _main
    prepare(preparation_data)
  File "C:\Program Files\Python311\Lib\multiprocessing\spawn.py", line 246, in prepare
    prepare(preparation_data)
    StreamHandler.__init__(self, self._open())
  File "C:\Program Files\Python311\Lib\multiprocessing\spawn.py", line 246, in prepare
                                 ^^^^^^^^^^^^
    _fixup_main_from_path(data['init_main_from_path'])
  File "C:\Program Files\Python311\Lib\logging\__init__.py", line 1213, in _open
  File "C:\Program Files\Python311\Lib\multiprocessing\spawn.py", line 297, in _fixup_main_from_path
    _fixup_main_from_path(data['init_main_from_path'])
    main_content = runpy.run_path(main_path,
  File "C:\Program Files\Python311\Lib\multiprocessing\spawn.py", line 297, in _fixup_main_from_path
    return open_func(self.baseFilename, self.mode,
                   ^^^^^^^^^^^^^^^^^^^^^^^^^
           ^^^^^^^^^^^^^^^^^^^^^^^^^^^^^^^^^^^^^^^
  File "<frozen runpy>", line 291, in run_path
FileNotFoundError: [Errno 2] No such file or directory: 'C:\\Users\\Amine\\Desktop\\MLP_AmineB99\\AutoRecLab\\workspace\\out\\debug.log'
    main_content = runpy.run_path(main_path,
  File "<frozen runpy>", line 98, in _run_module_code
                   ^^^^^^^^^^^^^^^^^^^^^^^^^
  File "<frozen runpy>", line 88, in _run_code
  File "<frozen runpy>", line 291, in run_path
  File "C:\Users\Amine\desktop\MLP_Amineb99\autoreclab\main.py", line 4, in <module>
  File "<frozen runpy>", line 98, in _run_module_code
  File "<frozen runpy>", line 88, in _run_code
  File "C:\Users\Amine\desktop\MLP_Amineb99\autoreclab\main.py", line 4, in <module>
    from treesearch.search import TreeSearch
    from treesearch.search import TreeSearch
  File "C:\Users\Amine\desktop\MLP_Amineb99\autoreclab\treesearch\search.py", line 10, in <module>
  File "C:\Users\Amine\desktop\MLP_Amineb99\autoreclab\treesearch\search.py", line 10, in <module>
    from treesearch.interpreter import Interpreter
  File "C:\Users\Amine\desktop\MLP_Amineb99\autoreclab\treesearch\interpreter.py", line 22, in <module>
    from treesearch.interpreter import Interpreter
    from utils.log import _ROOT_LOGGER
  File "C:\Users\Amine\desktop\MLP_Amineb99\autoreclab\treesearch\interpreter.py", line 22, in <module>
  File "C:\Users\Amine\desktop\MLP_Amineb99\autoreclab\utils\log.py", line 14, in <module>
    from utils.log import _ROOT_LOGGER
    file_handler = logging.FileHandler("out/debug.log")
                   ^^^^^^^^^^^^^^^^^^^^^^^^^^^^^^^^^^^^
  File "C:\Users\Amine\desktop\MLP_Amineb99\autoreclab\utils\log.py", line 14, in <module>
  File "C:\Program Files\Python311\Lib\logging\__init__.py", line 1181, in __init__
    file_handler = logging.FileHandler("out/debug.log")
    StreamHandler.__init__(self, self._open())
                   ^^^^^^^^^^^^^^^^^^^^^^^^^^^^^^^^^^^^
                                 ^^^^^^^^^^^^
  File "C:\Program Files\Python311\Lib\logging\__init__.py", line 1181, in __init__
  File "C:\Program Files\Python311\Lib\logging\__init__.py", line 1213, in _open
    StreamHandler.__init__(self, self._open())
    return open_func(self.baseFilename, self.mode,
                                 ^^^^^^^^^^^^
           ^^^^^^^^^^^^^^^^^^^^^^^^^^^^^^^^^^^^^^^
  File "C:\Program Files\Python311\Lib\logging\__init__.py", line 1213, in _open
FileNotFoundError: [Errno 2] No such file or directory: 'C:\\Users\\Amine\\Desktop\\MLP_AmineB99\\AutoRecLab\\workspace\\out\\debug.log'
    return open_func(self.baseFilename, self.mode,
           ^^^^^^^^^^^^^^^^^^^^^^^^^^^^^^^^^^^^^^^
FileNotFoundError: [Errno 2] No such file or directory: 'C:\\Users\\Amine\\Desktop\\MLP_AmineB99\\AutoRecLab\\workspace\\out\\debug.log'
[05/14/26 00:08:51] INFO     Node identified as buggy: Execution failed with a runtime exception    minimal_agent.py:571
                             before any metrics or saved outputs were produced. The crash occurs at
                             `batch.recommend(rec_algo, users, K)` inside LensKit, where parallel
                             recommendation uses a process pool and ends with
                             `concurrent.futures.process.BrokenProcessPool`. This means a worker
                             process died abruptly, so the experiment did not complete. Likely
                             cause: LensKit batch recommendation multiprocessing instability on
                             this platform/environment (often Windows / Python 3.11 / pickling or
                             worker-start issues). Fix: avoid multiprocessing for recommendation by
                             using a serial path, e.g. generate recommendations per user in a
                             simple loop (`pd.concat([rec_algo.recommend(u, K) ...])`) or configure
                             LensKit batch recommendation to use a single process / disable
                             parallelism if supported by the installed version. Also wrap
                             recommendation in a try/except and verify `users` is non-empty before
                             calling it. Because the run aborted at the first seed, no NDCG/Recall
                             analysis was produced.
                    INFO     Treesearch iteration 3/10                                                      search.py:74
[05/14/26 00:10:04] INFO     Node execution successful, proceeding with detailed scoring            minimal_agent.py:620
NodeScore(score=83, feedback='Score: 83% (10/12 requirements fulfilled).\n\nRequirement review:\n1. Fulfilled — Loads `u.data` locally with tab separator and correct columns `user,item,rating,timestamp`.\n2. Fulfilled — Uses LensKit `ImplicitMF` and trains on implicit data derived from ratings (`rating>=4`, binarized to 1.0).\n3. Fulfilled — Uses a fixed train/test split with `random_state=2025`, so the split is stable across runs.\n4. Not fulfilled — The evaluation does not explicitly construct per-user candidate sets excluding training items; it relies on `recommend()` behavior and does not document or enforce candidate ranking logic.\n5. Fulfilled — Runs 10 distinct random seeds, enough to assess variability.\n6. Fulfilled — Hyperparameters are held fixed and only the seed changes.\n7. Fulfilled — Evaluates ranking quality with both NDCG@10 and Recall@10.\n8. Fulfilled — Reports per-seed metrics and summary statistics including mean, std, min, and max.\n9. Fulfilled — Quantifies variability with range and coefficient of variation and gives a practical interpretation.\n10. Partially/not fulfilled — Split randomness is fixed and seeds are documented, but full reproducibility is not ensured because other randomness/threading sources are not fully controlled or documented (e.g., parallel numerical libraries / Numba threading behavior).\n11. Not fulfilled — The code is not robust to LensKit version differences; imports/API assumptions (`topn`, `Recommender.adapt`, `rng_spec`) may fail in some standard LensKit environments, and there is no compatibility handling despite the requirement.\n12. Fulfilled — Produces a concise final analysis on whether reporting seeds matters.\n\nConstructive feedback:\n- Explicitly build candidate sets for each test user as `all_items_in_train - items_seen_by_user_in_train`, then rank those candidates. This will satisfy the top-N evaluation requirement clearly and avoid ambiguity about LensKit defaults.\n- Add LensKit compatibility handling, since APIs differ across versions. For example, guard imports and model construction with version checks or fallback code paths, and document the tested LensKit version.\n- Improve reproducibility by fixing non-seed randomness sources as much as possible: set environment variables for thread counts (`OMP_NUM_THREADS=1`, `MKL_NUM_THREADS=1`, etc.) before importing numerical libraries, and document them.\n- Consider using a user-level leave-one-out or per-user holdout split rather than generic `train_test_split(..., stratify=user)` if you want a more standard top-N recommendation protocol.\n- Document explicitly that training interactions are excluded from recommendations, either through candidate generation or by passing exclusion parameters if supported by the installed LensKit version.\n- The `epoch` terminology is misleading here since these are independent seeded runs, not training epochs; rename to `run` for clarity.\n- If practical significance is important, add confidence intervals or a simple paired comparison of best-vs-worst seed impact in absolute and relative percentage terms.', is_satisfactory=True)
[05/14/26 00:10:14] INFO     Found satisfactory node:                                                       search.py:87
                    WARNING  SAVING 3.....                                                                 search.py:121
                    INFO     Final response:                                                               search.py:106
                    INFO     Summarizing results...                                                 minimal_agent.py:712
I ran the seed-sensitivity experiment as requested using LensKit’s `ImplicitMF` on MovieLens100K `u.data`.

What the experiment did:
- Loaded `u.data`
- Converted it to implicit feedback by keeping ratings `>= 4` and setting them to `1.0`
- Removed users with fewer than 2 positive interactions
- Performed a fixed 80/20 train/test split with `random_state=2025`, stratified by user
- Trained the same `ImplicitMF` configuration 10 times, changing only the random seed:
  - seeds: `1, 2, 3, 4, 5, 11, 17, 23, 29, 31`
  - `features=40`, `iterations=15`, `weight=40`, `method='cg'`
- Evaluated top-10 recommendations with:
  - `NDCG@10`
  - `Recall@10`

Dataset/evaluation size:
- 942 evaluable users
- 44,300 train interactions
- 11,027 test interactions

Per-run results varied as follows:
- NDCG@10 ranged from `0.1835` to `0.1947`
- Recall@10 ranged from `0.2922` to `0.3067`

Aggregate variation across seeds:
- NDCG@10:
  - mean: `0.190988`
  - std: `0.003058`
  - range: `0.011182`
  - CV: `0.016009`
- Recall@10:
  - mean: `0.298423`
  - std: `0.004421`
  - range: `0.014416`
  - CV: `0.014815`

Best and worst runs:
- Best NDCG@10: seed `23` with `0.194727`
- Worst NDCG@10: seed `17` with `0.183545`
- Best Recall@10: seed `3` with `0.306656`
- Worst Recall@10: seed `17` with `0.292240`

Interpretation:
- The random seed did produce noticeable variation, even though the model settings and data split were unchanged.
- The absolute differences are not huge, but they are large enough to matter if you are comparing methods with small performance gaps.
- In this experiment, NDCG@10 changed by about `0.011` across seeds, which is non-trivial relative to a mean of about `0.191`.

Bottom line:
- Yes, reporting seeds looks important here.
- At minimum, reporting the seed used is good practice.
- Better still, for this kind of recommender experiment, results should ideally be averaged over multiple seeds rather than reported from a single run.

One limitation to keep in mind:
- This experiment used one fixed train/test split and only varied model initialization seed, so it isolates seed effects but does not measure variability from different data splits.
