Enter you request, write "!start" to start:
> > > > > > [05/13/26 17:13:46] INFO     Starting AutoRecLab...                   main.py:25
                    INFO     Initializing agent...           minimal_agent.py:52
                    INFO     Engineering code               minimal_agent.py:508
                             requirements...                                    
[05/13/26 17:14:02] INFO     Done.                          minimal_agent.py:527
                    INFO     Agent initialized!              minimal_agent.py:64
                    INFO     Initializing agent...            interpreter.py:102
                    INFO     Interpreter initialized!         interpreter.py:112
                    INFO     Starting tree search...                search.py:63
                    INFO     Generating draft node 1/3              search.py:66
[cyan]--------------------------------[/cyan]
[cyan]self.task_desc[/cyan]
[cyan] You are an expert recommender systems research assistant who is looking to help the user with their requests.
The user has some idea and you want to conduct creative experiments to gain scientific insights.
Your aim is to run experiments to gather sufficient results to report back to the user.
The idea is:

I'd like to run an experiment to quantify how much random seeds affect recommender system results.
Please use a simple ImplicitMF algorithm from LensKit, perform a train/test split on the MovieLens100K u.data file,
train it multiple times with identical settings but different random seeds,
and analyze how metrics like NDCG or Recall vary across runs to find out if reporting seeds is important.
I placed the u.data file of MovieLens100K in your current working directory. You can load it from there![/cyan]
[cyan]--------------------------------[/cyan]
MinimalAgent: Getting plan and code
MinimalAgent: Draft complete
[05/13/26 17:16:05] INFO     Node identified as buggy:      minimal_agent.py:571
                             Execution failed with a                            
                             runtime exception during                           
                             `batch.recommend(algo,                             
                             users_eval, 10)`:                                  
                             `AttributeError: 'NoneType'                        
                             object has no attribute                            
                             'get_loc'` inside LensKit's                        
                             candidate selector. This means                     
                             the fitted `ImplicitMF`                            
                             instance did not have the user                     
                             index metadata needed for                          
                             recommendation in the way it                       
                             was being called, so no                            
                             metrics or artifacts were                          
                             produced. A common fix is to                       
                             wrap the model in a                                
                             recommender/adaptor that                           
                             provides candidate selection                       
                             and user-item index handling,                      
                             e.g. `from lenskit.algorithms                      
                             import Recommender; algo =                         
                             Recommender.adapt(ImplicitMF(.                     
                             ..))`, then `algo.fit(train)`                      
                             before calling                                     
                             `batch.recommend`.                                 
                             Alternatively, explicitly                          
                             configure a candidate                              
                             selector/popular recommender                       
                             wrapper compatible with the                        
                             installed LensKit version, or                      
                             avoid `batch.recommend` and                        
                             score candidate items per user                     
                             with the proper API for that                       
                             version. After fixing the                          
                             recommender wrapper/API                            
                             mismatch, rerun to obtain the                      
                             per-seed NDCG/Recall                               
                             statistics.                                        
[05/13/26 17:16:06] INFO     Generating draft node 2/3              search.py:66
/root/.local/share/uv/python/cpython-3.11.9-linux-x86_64-gnu/lib/python3.11/multiprocessing/resource_tracker.py:254: UserWarning: resource_tracker: There appear to be 3 leaked semaphore objects to clean up at shutdown
  warnings.warn('resource_tracker: There appear to be %d '
[cyan]--------------------------------[/cyan]
[cyan]self.task_desc[/cyan]
[cyan] You are an expert recommender systems research assistant who is looking to help the user with their requests.
The user has some idea and you want to conduct creative experiments to gain scientific insights.
Your aim is to run experiments to gather sufficient results to report back to the user.
The idea is:

I'd like to run an experiment to quantify how much random seeds affect recommender system results.
Please use a simple ImplicitMF algorithm from LensKit, perform a train/test split on the MovieLens100K u.data file,
train it multiple times with identical settings but different random seeds,
and analyze how metrics like NDCG or Recall vary across runs to find out if reporting seeds is important.
I placed the u.data file of MovieLens100K in your current working directory. You can load it from there![/cyan]
[cyan]--------------------------------[/cyan]
MinimalAgent: Getting plan and code
MinimalAgent: Draft complete
[05/13/26 17:16:54] INFO     Node identified as buggy:      minimal_agent.py:571
                             Execution failed with a                            
                             runtime exception before any                       
                             training/evaluation results                        
                             were produced. The bug is that                     
                             `ImplicitMF` is constructed                        
                             with `progress=False`, but                         
                             LensKit later calls                                
                             `self.progress(...)` as if it                      
                             were a callable                                    
                             progress-wrapper, causing                          
                             `TypeError: 'bool' object is                       
                             not callable`. Fix by removing                     
                             the `progress=False` argument,                     
                             or setting `progress` to a                         
                             callable progress function                         
                             compatible with LensKit/tqdm.                      
                             After that, rerun the                              
                             experiment. Optional cleanup:                      
                             the script imports `topn` and                      
                             `SampleN` but does not use                         
                             them.                                              
                    INFO     Generating draft node 3/3              search.py:66
[cyan]--------------------------------[/cyan]
[cyan]self.task_desc[/cyan]
[cyan] You are an expert recommender systems research assistant who is looking to help the user with their requests.
The user has some idea and you want to conduct creative experiments to gain scientific insights.
Your aim is to run experiments to gather sufficient results to report back to the user.
The idea is:

I'd like to run an experiment to quantify how much random seeds affect recommender system results.
Please use a simple ImplicitMF algorithm from LensKit, perform a train/test split on the MovieLens100K u.data file,
train it multiple times with identical settings but different random seeds,
and analyze how metrics like NDCG or Recall vary across runs to find out if reporting seeds is important.
I placed the u.data file of MovieLens100K in your current working directory. You can load it from there![/cyan]
[cyan]--------------------------------[/cyan]
MinimalAgent: Getting plan and code
MinimalAgent: Draft complete
[05/13/26 17:18:51] INFO     Node identified as buggy:      minimal_agent.py:571
                             Execution failed with a                            
                             runtime exception during                           
                             recommendation generation:                         
                             `AttributeError: 'NoneType'                        
                             object has no attribute                            
                             'get_loc'` inside LensKit's                        
                             candidate selector when                            
                             calling `batch.recommend(algo,                     
                             users, TOPN)`. This indicates                      
                             the trained `ImplicitMF` model                     
                             was used directly for top-N                        
                             recommendation without a                           
                             proper candidate selector /                        
                             recommender wrapper                                
                             initialized with user index                        
                             metadata. As a result, no                          
                             per-seed metrics or summary                        
                             statistics were produced.                          
                                                                                
                             Fix: wrap the scorer in a                          
                             top-N recommender that has a                       
                             candidate selector, e.g. use                       
                             `lenskit.algorithms.basic.TopN                     
                             ` or `Recommender.adapt(...)`                      
                             around `ImplicitMF`, then call                     
                             `batch.recommend` on that                          
                             wrapped recommender. Example                       
                             pattern: `from                                     
                             lenskit.algorithms import                          
                             Recommender`; `algo =                              
                             Recommender.adapt(ImplicitMF(.                     
                             ..))` (or                                          
                             `TopN(ImplicitMF(...))`                            
                             depending on LensKit version);                     
                             `algo.fit(train)`.                                 
                             Alternatively, provide                             
                             explicit candidates to                             
                             `batch.recommend` if                               
                             supported. After that, rerun                       
                             the seed loop to compute                           
                             NDCG/Recall.                                       
                    INFO     Treesearch iteration 1/10              search.py:74
/root/.local/share/uv/python/cpython-3.11.9-linux-x86_64-gnu/lib/python3.11/multiprocessing/resource_tracker.py:254: UserWarning: resource_tracker: There appear to be 3 leaked semaphore objects to clean up at shutdown
  warnings.warn('resource_tracker: There appear to be %d '
[05/13/26 17:20:51] INFO     Node identified as buggy:      minimal_agent.py:571
                             Execution failed with a                            
                             runtime exception in LensKit's                     
                             `ndcg` call: `AttributeError:                      
                             'set' object has no attribute                      
                             'index'`. The script builds                        
                             `truth` as                                         
                             `test.groupby('user')['item'].                     
                             apply(set).to_dict()`, but                         
                             `lenskit.metrics.topn.ndcg`                        
                             expects the truth argument to                      
                             be a pandas object with an                         
                             index (typically a                                 
                             Series/DataFrame of relevant                       
                             items), not a Python `set`.                        
                             Because of this, the loop                          
                             crashes before producing                           
                             per-seed metrics, summaries,                       
                             or plots. Fix by passing truth                     
                             in the format expected by                          
                             LensKit, e.g. store each                           
                             user's relevant items as a                         
                             pandas Series/DataFrame and                        
                             call `ndcg(recs_for_user_df,                       
                             truth_for_user_series)` per                        
                             LensKit's API, or replace the                      
                             metric computation with a                          
                             custom NDCG implementation                         
                             that accepts Python                                
                             lists/sets. `recall(preds,                         
                             gt)` may also need the same                        
                             kind of adjustment depending                       
                             on LensKit version, so both                        
                             metric calls should be                             
                             checked.                                           
                    INFO     Treesearch iteration 2/10              search.py:74
/root/.local/share/uv/python/cpython-3.11.9-linux-x86_64-gnu/lib/python3.11/multiprocessing/resource_tracker.py:254: UserWarning: resource_tracker: There appear to be 3 leaked semaphore objects to clean up at shutdown
  warnings.warn('resource_tracker: There appear to be %d '
[05/13/26 17:23:03] INFO     Node identified as buggy:      minimal_agent.py:571
                             Execution failed with a                            
                             runtime exception in LensKit's                     
                             ndcg call. The code passes                         
                             plain Python lists to                              
                             lenskit.metrics.topn.ndcg and                      
                             recall (`pred` and `gt` from                       
                             `groupby(...).apply(list)`),                       
                             but LensKit's top-N metrics                        
                             expect recommendation/truth                        
                             structures with item indexing                      
                             semantics (typically Pandas                        
                             objects/DataFrames), so                            
                             `truth.index.get_indexer(recs[                     
                             'item'])` crashes because                          
                             `truth` is a list and                              
                             `truth.index` is the list                          
                             method, not a Pandas Index. As                     
                             a result, no final metrics,                        
                             summaries, or saved outputs                        
                             are produced. Fix by either:                       
                             (1) using LensKit's evaluator                      
                             utilities that produce the                         
                             expected formats, or (2)                           
                             computing the metrics manually                     
                             for Python lists, e.g. `hits =                     
                             [1 if i in set(gt) else 0 for                      
                             i in pred[:TOPN]]`, `recall =                      
                             sum(hits)/len(set(gt))`, and                       
                             NDCG via DCG/IDCG on those                         
                             hits, or (3) convert inputs to                     
                             the exact Pandas structures                        
                             LensKit expects before calling                     
                             `ndcg`/`recall`.                                   
                    INFO     Treesearch iteration 3/10              search.py:74
/root/.local/share/uv/python/cpython-3.11.9-linux-x86_64-gnu/lib/python3.11/multiprocessing/resource_tracker.py:254: UserWarning: resource_tracker: There appear to be 3 leaked semaphore objects to clean up at shutdown
  warnings.warn('resource_tracker: There appear to be %d '
[05/13/26 17:25:30] INFO     Node identified as buggy: The  minimal_agent.py:571
                             execution failed with a                            
                             runtime exception, so the                          
                             experiment did not complete                        
                             and no valid seed-sensitivity                      
                             results were produced. The bug                     
                             is in the metric call:                             
                             LensKit's top-N `ndcg` expects                     
                             recommendation/truth objects                       
                             with pandas indexing                               
                             semantics, but the code passes                     
                             `preds` as a Python list and                       
                             `gt` as a `set`. This causes                       
                             `AttributeError: 'set' object                      
                             has no attribute 'index'`                          
                             inside                                             
                             `lenskit.metrics.topn.ndcg`.                       
                             Fix by converting both                             
                             recommendations and truth into                     
                             the format expected by LensKit                     
                             metrics, e.g. keep per-user                        
                             recommendation rows as a                           
                             DataFrame/Series and truth as                      
                             a pandas Series/DataFrame with                     
                             an index, or replace LensKit's                     
                             metric helpers with custom                         
                             list/set implementations. For                      
                             example, use `user_recs =                          
                             recs[recs.user == u]` and                          
                             `user_truth = test[test.user                       
                             == u]`, then call                                  
                             `ndcg(user_recs, user_truth)`                      
                             and similarly for `recall`, or                     
                             compute NDCG/Recall manually                       
                             from `preds` and `gt` if you                       
                             want to use plain Python                           
                             containers.                                        
                    INFO     Treesearch iteration 4/10              search.py:74
/root/.local/share/uv/python/cpython-3.11.9-linux-x86_64-gnu/lib/python3.11/multiprocessing/resource_tracker.py:254: UserWarning: resource_tracker: There appear to be 3 leaked semaphore objects to clean up at shutdown
  warnings.warn('resource_tracker: There appear to be %d '
[05/13/26 17:33:28] INFO     Node execution successful,     minimal_agent.py:620
                             proceeding with detailed                           
                             scoring                                            
NodeScore(score=86, feedback="Overall, the implementation is strong and largely meets the experimental goals. It correctly loads MovieLens100K from local u.data with the proper schema, uses LensKit ImplicitMF as the sole model with fixed hyperparameters, keeps the train/test split fixed across seed trials, converts explicit ratings to implicit feedback using rating>=4 as relevance, runs 10 seeded trials, generates top-N recommendations, evaluates with NDCG@10 and Recall@10, aggregates and summarizes variability across runs, prints per-seed tables, and gives a concise conclusion about seed importance. Requirements status: 1 Fulfilled; 2 Fulfilled; 3 Fulfilled; 4 Fulfilled; 5 Fulfilled; 6 Fulfilled; 7 Fulfilled; 8 Fulfilled; 9 Fulfilled; 10 Fulfilled; 11 Partially/Not fulfilled because it reports CV and absolute range but does not explicitly express the range as a percentage of the mean; 12 Not fulfilled because only the model seed is explicitly controlled—other RNGs in the broader pipeline are not explicitly seeded beyond the split random_state, and NumPy/global randomness is not set; 13 Fulfilled because users with no true items return NaN and are handled with nanmean; 14 Fulfilled; 15 Fulfilled. Main improvements: explicitly seed all RNG sources used in the script (e.g., np.random.seed(seed) where relevant, and document LensKit randomness control), ensure evaluation users are restricted to those with eligible held-out relevance and possibly at least one candidate item, and add a direct practical-importance statistic such as range/mean*100 for each metric. Also, the current split uses sklearn stratify rather than a user-level leave-one-out or temporal split, which is acceptable but should be justified more clearly for recommender evaluation. Finally, the printed 'Epoch' and 'validation_loss' language is misleading since these are separate seeded runs rather than training epochs.", is_satisfactory=True)
[05/13/26 17:33:35] INFO     Found satisfactory node:               search.py:87
                    WARNING  SAVING 3.....                         search.py:121
                    INFO     Final response:                       search.py:106
                    INFO     Summarizing results...         minimal_agent.py:712
I ran the seed-sensitivity experiment exactly as described on the MovieLens100K `u.data` file using LensKit’s `ImplicitMF`.

What the experiment did:
- Loaded `u.data`
- Converted it to implicit feedback by keeping only ratings `>= 4` and setting them to 1
- Kept users with at least 2 positive interactions
- Performed a single stratified 80/20 train/test split with fixed split seed `2024`
- Trained the same `ImplicitMF` model 10 times with identical hyperparameters:
  - `features=40`
  - `iterations=15`
  - `weight=40`
  - `method='cg'`
- Only changed the model random seed across runs:
  `1, 7, 13, 21, 42, 66, 77, 88, 99, 123`
- Evaluated top-10 recommendations with `NDCG@10` and `Recall@10`

Results across seeds:
- NDCG@10 ranged from `0.1920` to `0.2039`
- Recall@10 ranged from `0.1827` to `0.1926`

Average performance over the 10 seeds:
- Mean `NDCG@10 = 0.1987`
- Mean `Recall@10 = 0.1892`

Variability across seeds:
- `NDCG@10 std = 0.0038`
- `Recall@10 std = 0.0030`
- Coefficient of variation:
  - `NDCG@10 CV = 0.0193`
  - `Recall@10 CV = 0.0159`
- Absolute range:
  - `NDCG@10 range = 0.0119`
  - `Recall@10 range = 0.0099`

Best and worst seeds in this run:
- Best NDCG@10: seed `123` with `0.2039`
- Worst NDCG@10: seed `77` with `0.1920`
- Best Recall@10: seed `88` with `0.1926` (very close to seed `66` at `0.1926`)
- Worst Recall@10: seed `77` with `0.1827`

Interpretation:
- The random seed did change results, but the variation was modest rather than huge.
- Still, the spread is not negligible: about `0.012` in NDCG@10 and `0.010` in Recall@10 from worst to best seed.
- So yes, reporting seeds matters, especially if you are comparing models whose claimed improvements are on the order of a few thousandths to about one hundredth.
- If a paper or experiment claims only a very small gain, this seed variability could be large enough to affect the conclusion.
- Based on these results, a stronger practice would be to either:
  - report the random seed, or
  - average over multiple seeds

One important limitation:
- This experiment used only one train/test split; only the model seed varied.
- So the findings quantify sensitivity to model initialization/randomness, not to different data splits.

Bottom line:
- For this LensKit `ImplicitMF` setup on MovieLens100K, seed effects are real but moderate.
- Reporting seeds or averaging over multiple seeds is important if you want reproducible and fair comparisons, especially when improvements are small.
