[05/14/26 13:17:26] INFO     Starting AutoRecLab...                                                                                               main.py:25
                    INFO     Initializing agent...                                                                                       minimal_agent.py:52
                    INFO     Engineering code requirements...                                                                           minimal_agent.py:508
[05/14/26 13:17:30] INFO     Done.                                                                                                      minimal_agent.py:527
                    INFO     Agent initialized!                                                                                          minimal_agent.py:64
                    INFO     Initializing agent...                                                                                        interpreter.py:102
                    INFO     Interpreter initialized!                                                                                     interpreter.py:112
                    INFO     Starting tree search...                                                                                            search.py:63
                    INFO     Generating draft node 1/3                                                                                          search.py:66
[cyan]--------------------------------[/cyan]
[cyan]self.task_desc[/cyan]
[cyan] You are an expert recommender systems research assistant who is looking to help the user with their requests.
The user has some idea and you want to conduct creative experiments to gain scientific insights.
Your aim is to run experiments to gather sufficient results to report back to the user.
The idea is:

I'd like to run an experiment to quantify how much random seeds affect recommender system results.
Please use a simple ImplicitMF algorithm from LensKit, perform a train/test split on the MovieLens100K 'u.data',
train it multiple times with identical settings but different random seeds,
and analyze how metrics like NDCG or Recall vary across runs to find out if reporting seeds is important.
I placed the 'u.data' file of MovieLens100K in your current working directory. You can load it from there![/cyan]
[cyan]--------------------------------[/cyan]
MinimalAgent: Getting plan and code
MinimalAgent: Draft complete
[05/14/26 13:17:49] INFO     Node identified as buggy: The script failed immediately on import with `ModuleNotFoundError: No module     minimal_agent.py:571
                             named 'matplotlib'`, so no experiment ran and no metrics were produced. Fix by installing matplotlib in
                             the environment (or removing the plotting dependency / making it optional) before rerunning the
                             experiment.
                    INFO     Generating draft node 2/3                                                                                          search.py:66
[cyan]--------------------------------[/cyan]
[cyan]self.task_desc[/cyan]
[cyan] You are an expert recommender systems research assistant who is looking to help the user with their requests.
The user has some idea and you want to conduct creative experiments to gain scientific insights.
Your aim is to run experiments to gather sufficient results to report back to the user.
The idea is:

I'd like to run an experiment to quantify how much random seeds affect recommender system results.
Please use a simple ImplicitMF algorithm from LensKit, perform a train/test split on the MovieLens100K 'u.data',
train it multiple times with identical settings but different random seeds,
and analyze how metrics like NDCG or Recall vary across runs to find out if reporting seeds is important.
I placed the 'u.data' file of MovieLens100K in your current working directory. You can load it from there![/cyan]
[cyan]--------------------------------[/cyan]
MinimalAgent: Getting plan and code
MinimalAgent: Draft complete
[05/14/26 13:18:06] INFO     Node identified as buggy: Execution failed immediately due to a missing dependency: `ModuleNotFoundError:  minimal_agent.py:571
                             No module named 'matplotlib'` when importing `matplotlib.pyplot`. The script never reaches data loading,
                             model training, or metric computation. Fix by installing matplotlib in the environment (or removing
                             plotting if unavailable), and consider verifying that LensKit and other dependencies are also installed
                             before running the experiment.
                    INFO     Generating draft node 3/3                                                                                          search.py:66
[cyan]--------------------------------[/cyan]
[cyan]self.task_desc[/cyan]
[cyan] You are an expert recommender systems research assistant who is looking to help the user with their requests.
The user has some idea and you want to conduct creative experiments to gain scientific insights.
Your aim is to run experiments to gather sufficient results to report back to the user.
The idea is:

I'd like to run an experiment to quantify how much random seeds affect recommender system results.
Please use a simple ImplicitMF algorithm from LensKit, perform a train/test split on the MovieLens100K 'u.data',
train it multiple times with identical settings but different random seeds,
and analyze how metrics like NDCG or Recall vary across runs to find out if reporting seeds is important.
I placed the 'u.data' file of MovieLens100K in your current working directory. You can load it from there![/cyan]
[cyan]--------------------------------[/cyan]
MinimalAgent: Getting plan and code
MinimalAgent: Draft complete
[05/14/26 13:18:21] INFO     Node identified as buggy: Execution failed immediately due to a missing dependency: `ModuleNotFoundError:  minimal_agent.py:571
                             No module named 'matplotlib'` at the import of `matplotlib.pyplot`. As a result, none of the data loading,
                             model training, evaluation, or plotting steps ran. Fix by installing `matplotlib` in the environment (or
                             removing the plotting dependency if not needed), and then rerun the experiment. You may also want to
                             verify that LensKit and its dependencies are installed before rerunning.
                    INFO     Treesearch iteration 1/10                                                                                          search.py:74
[05/14/26 13:18:43] INFO     Node identified as buggy: Execution failed immediately with an ImportError: `cannot import name 'Dataset'  minimal_agent.py:571
                             from 'lenskit.data'`. The script never reached data loading or model training, so no metrics were
                             produced. Fix by using the LensKit API version installed in the environment (for example, import `Dataset`
                             from the correct module if available, or avoid `Dataset` entirely and pass the training ratings in the
                             format expected by `ImplicitMF.fit`/`recommend` for that LensKit version).
                    INFO     Treesearch iteration 2/10                                                                                          search.py:74
[05/14/26 13:18:58] INFO     Node identified as buggy: The script failed at model construction because the installed LensKit            minimal_agent.py:571
                             `ImplicitMF` API does not accept a `random_seed` keyword argument. This is a runtime TypeError, so no
                             experiment results were produced. Fix by checking the LensKit version/API and using the correct seed
                             parameter name or seeding mechanism (for example, a supported `seed`/`rng` argument if available, or
                             setting the library's global/random state before fitting).
                    INFO     Treesearch iteration 3/10                                                                                          search.py:74
[05/14/26 13:19:15] INFO     Node identified as buggy: The script failed at model initialization: `ImplicitMF.__init__()` does not      minimal_agent.py:571
                             accept a `random_state` keyword argument in the installed LensKit version, causing a runtime TypeError
                             before any training or evaluation could run. Fix by using the correct LensKit API for seeding (e.g., set
                             the appropriate seed parameter if supported, or seed NumPy/random globally before fitting, or check the
                             model’s documentation/version and adjust constructor arguments accordingly).
                    INFO     Treesearch iteration 4/10                                                                                          search.py:74
[05/14/26 13:19:30] INFO     Node identified as buggy: The script failed immediately due to an ImportError: `from_interactions_df` does minimal_agent.py:571
                             not exist in `lenskit.data` in the installed LensKit version. As a result, no experiment ran and no
                             seed-sensitivity metrics were produced. Fix by using the correct LensKit API for the installed version
                             (for example, the appropriate interaction-conversion function/class for that release) or pinning a LensKit
                             version that provides `from_interactions_df`. Also verify the `ImplicitMF` import path/API matches the
                             installed version.
                    INFO     Treesearch iteration 5/10                                                                                          search.py:74
[05/14/26 13:22:54] INFO     Node execution successful, proceeding with detailed scoring                                                minimal_agent.py:620
NodeScore(score=80, feedback='Overall the implementation addresses the main experimental goal and is close to correct, but several requirements are only partially met. Requirement-by-requirement: (1) Partly fulfilled: it loads local u.data with the correct tab-separated schema, but then filters to ratings>=4, which changes the task from MovieLens100K explicit ratings to a thresholded implicit subset. (2) Fulfilled: the train/test split is reproducible via fixed random_state. (3) Fulfilled: ImplicitMF is trained multiple times with the same hyperparameters and different seeds. (4) Mostly fulfilled: the split is fixed and model seed varies, but full randomness control is not explicit and compatibility fallbacks may hide seed handling differences. (5) Fulfilled: top-N recommendations are produced for test users. (6) Fulfilled: Recall@K and NDCG@K are computed consistently with a fixed cutoff. (7) Partly fulfilled: per-seed results and summary stats are reported, but no min/max table by seed or confidence intervals beyond summary text. (8) Fulfilled: 10 seeds is enough to observe variability. (9) Partly fulfilled: it prints per-seed metrics and summary, but not a concise results table; saving is present though. (10) Partly fulfilled: it may run in some LensKit versions, but the code relies on brittle compatibility fallbacks and uses simple DataFrame input rather than a clearly version-correct LensKit evaluation pipeline; the output warnings suggest potential API/performance issues. Improvements: avoid filtering to rating>=4 unless you explicitly want an implicit-binary task; if the goal is explicit ratings evaluation, keep all ratings and use an evaluation protocol appropriate for explicit feedback. Use a LensKit-native split/evaluation workflow if available in the installed version, and explicitly set all RNG sources (NumPy, Python, any model RNG objects). Produce a single per-seed results DataFrame/table and include more formal variability summaries (min/max per metric, maybe CI).', is_satisfactory=False)
[05/14/26 13:22:57] INFO     Treesearch iteration 6/10                                                                                          search.py:74
[05/14/26 13:25:57] INFO     Node execution successful, proceeding with detailed scoring                                                minimal_agent.py:620
NodeScore(score=85, feedback="Overall the implementation is strong and close to the requested experiment. It loads MovieLens100K from local u.data with the right tab-separated schema, uses a fixed train/test split, trains ImplicitMF across multiple seeds, computes top-N recommendations, and reports per-seed and aggregate Recall@10/NDCG@10 variability. \n\nRequirements review:\n1. Load MovieLens100K ratings from local u.data with correct separator/columns: Fulfilled.\n2. Reproducible train/test split with fixed method across runs: Fulfilled.\n3. Train LensKit simple ImplicitMF multiple times with identical hyperparameters while varying only random seed: Fulfilled.\n4. Control/hold constant other randomness sources: Mostly fulfilled (Python/NumPy seeds are set, split is fixed), though LensKit/BLAS/Numba-level nondeterminism is not fully controlled.\n5. Produce top-N recommendation predictions for test users: Fulfilled.\n6. Compute ranking metrics such as NDCG and Recall consistently across runs with same cutoff/protocol: Fulfilled.\n7. Aggregate per-seed metric results and report variability with summary stats: Fulfilled.\n8. Use enough seeds/repetitions to make variability observable: Fulfilled (10 seeds is reasonable).\n9. Print or save a concise results table with per-seed metrics and overall variability analysis: Fulfilled.\n10. Handle LensKit/data-format API details correctly so the script runs without errors: Mostly fulfilled; the run succeeded in the provided environment, but the code is a bit fragile because it tries multiple constructor argument names and may not be portable across LensKit versions.\n\nMain improvements: use LensKit's explicit ranking/evaluation utilities and a proper reproducible RNG object if available, control item/user candidate generation more efficiently, and add stronger determinism controls (e.g., thread counts / library-level seeds) to better isolate seed effects.", is_satisfactory=True)
[05/14/26 13:26:00] INFO     Found satisfactory node:                                                                                           search.py:87
                    WARNING  SAVING 3.....                                                                                                     search.py:121
                    INFO     Final response:                                                                                                   search.py:106
                    INFO     Summarizing results...                                                                                     minimal_agent.py:712
I ran the seed-sensitivity experiment with LensKit’s ImplicitMF on MovieLens100K `u.data`, using a single 80/20 train/test split and then retraining the same model 10 times with seeds 0–9.

Here’s what the results show:

- Recall@10 ranged from 0.1685 to 0.1750
- NDCG@10 ranged from 0.2325 to 0.2385

Across the 10 runs:
- Recall@10 mean = 0.1719, std = 0.0025
- NDCG@10 mean = 0.2353, std = 0.0021

The spread is small but clearly non-zero. In relative terms, the best and worst Recall@10 differ by about 0.0065, and NDCG@10 by about 0.0060. That means random seed does affect the reported result, though not dramatically in this setup.

So yes: reporting seeds is important, even for this simple MF recommender, because the exact metrics vary across runs. If you only report one seed, you could make the model look a bit better or worse than its typical behavior.