Enter you request, write "!start" to start:
> > > > > > [05/14/26 11:10:06] INFO     Starting AutoRecLab...                   main.py:25
                    INFO     Initializing agent...           minimal_agent.py:52
                    INFO     Engineering code               minimal_agent.py:508
                             requirements...                                    
[05/14/26 11:10:27] INFO     Done.                          minimal_agent.py:527
                    INFO     Agent initialized!              minimal_agent.py:64
                    INFO     Initializing agent...            interpreter.py:102
                    INFO     Interpreter initialized!         interpreter.py:112
                    INFO     Starting tree search...                search.py:63
                    INFO     Generating draft node 1/3              search.py:66
[cyan]--------------------------------[/cyan]
[cyan]self.task_desc[/cyan]
[cyan] You are an expert recommender systems research assistant who is looking to help the user with their requests.
The user has some idea and you want to conduct creative experiments to gain scientific insights.
Your aim is to run experiments to gather sufficient results to report back to the user.
The idea is:

I'd like to run an experiment to quantify how much random seeds affect recommender system results.
Please use a simple ImplicitMF algorithm from LensKit, perform a train/test split on the MovieLens100K u.data file,
train it multiple times with identical settings but different random seeds,
and analyze how metrics like NDCG or Recall vary across runs to find out if reporting seeds is important.
I placed the u.data file of MovieLens100K in your current working directory. You can load it from there![/cyan]
[cyan]--------------------------------[/cyan]
MinimalAgent: Getting plan and code
MinimalAgent: Draft complete
[05/14/26 11:11:33] INFO     Node identified as buggy:      minimal_agent.py:571
                             SyntaxError detected in the                        
                             experimental script: an                            
                             unfinished multi-line call to                      
                             ImplicitMF causes '('                              
                             was never closed. The code                         
                             shows:                                             
                                                                                
                             algo = ImplicitMF(# basic                          
                             args; these are plausible API                      
                             names)                                             
                                     random_state=seed,                         
                                     factors=32,                                
                                     epochs=15,                                 
                                     learning_rate=0.05,                        
                                     reg=0.01,                                  
                                     bias=True                                  
                                                                                
                             This leaves the opening                            
                             parenthesis unclosed and                           
                             results in a SyntaxError                           
                             during parsing. Fix by                             
                             providing a proper argument                        
                             list in a single call, e.g.:                       
                                                                                
                             algo =                                             
                             ImplicitMF(random_state=seed,                      
                             factors=32, epochs=15,                             
                             learning_rate=0.05, reg=0.01,                      
                             bias=True)                                         
                                                                                
                             Additionally, ensure LensKit                       
                             API usage is correct                               
                             (batch.train/recommend                             
                             parameters and required keys)                      
                             and consider cleaning up a                         
                             leftover unused dictionary                         
                             construction in                                    
                             compute_metrics_from_rankings.                     
                    INFO     Generating draft node 2/3              search.py:66
[cyan]--------------------------------[/cyan]
[cyan]self.task_desc[/cyan]
[cyan] You are an expert recommender systems research assistant who is looking to help the user with their requests.
The user has some idea and you want to conduct creative experiments to gain scientific insights.
Your aim is to run experiments to gather sufficient results to report back to the user.
The idea is:

I'd like to run an experiment to quantify how much random seeds affect recommender system results.
Please use a simple ImplicitMF algorithm from LensKit, perform a train/test split on the MovieLens100K u.data file,
train it multiple times with identical settings but different random seeds,
and analyze how metrics like NDCG or Recall vary across runs to find out if reporting seeds is important.
I placed the u.data file of MovieLens100K in your current working directory. You can load it from there![/cyan]
[cyan]--------------------------------[/cyan]
MinimalAgent: Getting plan and code
MinimalAgent: Draft complete
[05/14/26 11:12:59] INFO     Node identified as buggy:      minimal_agent.py:571
                             Execution failed with a                            
                             RuntimeError indicating                            
                             LensKit ImplicitMF is not                          
                             available. The environment                         
                             lacks the LensKit Python                           
                             package (or a compatible                           
                             version), causing the code to                      
                             abort when attempting to                           
                             instantiate ImplicitMF. The                        
                             pre-check raises a                                 
                             RuntimeError if ImplicitMF is                      
                             None. Fixes:                                       
                             - Install LensKit (e.g., `pip                      
                             install lenskit`) in a Python                      
                             environment compatible with                        
                             the code, or ensure a                              
                             compatible version is                              
                             installed.                                         
                             - Alternatively, modify the                        
                             code to gracefully skip the                        
                             experiment or fall back to a                       
                             simple baseline if LensKit is                      
                             unavailable (e.g., popularity                      
                             or random recommendations) to                      
                             still study seed effects.                          
                             - Verify API compatibility                         
                             across LensKit versions                            
                             (constructor args like seed vs                     
                             random_state) and adjust                           
                             accordingly.                                       
                             - Confirm the dataset                              
                             path/loading; ensure the                           
                             current working directory                          
                             contains u.data and that the                       
                             tab-delimited format matches                       
                             expectations.                                      
                    INFO     Generating draft node 3/3              search.py:66
[cyan]--------------------------------[/cyan]
[cyan]self.task_desc[/cyan]
[cyan] You are an expert recommender systems research assistant who is looking to help the user with their requests.
The user has some idea and you want to conduct creative experiments to gain scientific insights.
Your aim is to run experiments to gather sufficient results to report back to the user.
The idea is:

I'd like to run an experiment to quantify how much random seeds affect recommender system results.
Please use a simple ImplicitMF algorithm from LensKit, perform a train/test split on the MovieLens100K u.data file,
train it multiple times with identical settings but different random seeds,
and analyze how metrics like NDCG or Recall vary across runs to find out if reporting seeds is important.
I placed the u.data file of MovieLens100K in your current working directory. You can load it from there![/cyan]
[cyan]--------------------------------[/cyan]
MinimalAgent: Getting plan and code
MinimalAgent: Draft complete
[05/14/26 11:14:48] INFO     Node execution successful,     minimal_agent.py:620
                             proceeding with detailed                           
                             scoring                                            
NodeScore(score=40.0, feedback="Overall assessment: The code demonstrates a reproducible seed-based train/test split and a training loop, and attempts to quantify seed sensitivity. However, it does not fulfill several critical requirements of the task. Summary of fulfilled vs. missing items:\n\nFulfilled:\n- Data loading: Reads u.data and returns a DataFrame with columns user, item, rating, timestamp (though not strictly 0-based mapping at load time).\n- Per-run seed control: Seeds drive split and model initialization; seeds are used to obtain reproducible splits and model parameters.\n- Training loop: A basic SGD-based matrix factorization loop is implemented, including training loss collection.\n- Evaluation scaffold: NDCG@K and Recall@K are computed for test interactions using ranking over training items; supports multiple K.\n- Reproducibility: Seed-controlled randomness is used for split and initialization, yielding deterministic results per seed.\n\nPartially fulfilled or not fulfilled:\n- Implicit MF using LensKit: The code does not use LensKit’s ImplicitMF algorithm (lenskit.algorithms.implicit.ImplicitMF). It implements a custom SGD MF instead, with an implicit-like objective. This fails requirement 3.\n- Implicit feedback conversion: The code treats all observed ratings as positive, but there is no explicit thresholding (e.g., rating >= 4) to generate binary implicit feedback. This violates requirement 4.\n- Mapping to 0-based indices: The internal processing does create 0-based indices for users/items, but there is no explicit, safe, pre-processing step that maps the entire dataset to 0-based indices upfront and stores that mapping for reuse (could be error-prone when new seeds are used).\n- Reproducibility of evaluation: Ranking uses fixed seeds for train/test and model init; however, candidate generation and any internal RNG options are not clearly fixed for all ranking steps (e.g., no explicit seed usage in evaluation order beyond the training seed). Some improvements are possible here.\n- Aggregation and reporting across seeds: The code saves per-seed plots and a NumPy file, but does not compute per-K mean, std, or 95% confidence intervals, nor does it create a CSV/JSON summary that aggregates results across seeds (requirement 9 and 10).\n- Output artifacts: Only an NPY file and a single plot are saved; no per-seed CSV, no aggregated CSV/JSON with seeds and metrics as described.\n- Validation/robustness: Basic checks exist (skipping empty train/test), but there is no robust validation that guards against leakage, cold-start edge cases, or user-only test interactions; the evaluation intentionally ignores test interactions where the item is unseen in training, which can bias results.\n- Performance and parallelism: Seeds are processed sequentially; no explicit parallel execution; this limits throughput for larger seeds or datasets (requirement 12).\n- Adherence to requirements: Missing explicit usage of LensKit’s ImplicitMF, threshold-based implicit conversion, full reproducible evaluation artifacts, and fully documented segmentation of seed effects and CI estimation.\n\nKey actionable improvements (high level):\n- Replace the custom SGD MF with LensKit's ImplicitMF implementation, including any necessary data conversion to LensKit’s DataFrame-like structure, to satisfy requirement 3.\n- Implement explicit implicit feedback conversion via a threshold (e.g., positive interactions = rating >= 4) and use this implicit data consistently for training and evaluation (requirement 4).\n- Introduce a proper 0-based mapping pass that transforms the entire dataset once at load time and stores mapping dictionaries for users/items; use these mappings for both training and evaluation to avoid inconsistencies.\n- Ensure train/test split is strictly reproducible and saved to disk per seed; consider storing the split (e.g., as CSV) to reuse across runs if the seed is the same and the settings are identical (requirement 2).\n- Extend evaluation to compute and report per-K statistics: mean, std, and 95% confidence intervals across seeds; save per-seed metrics to a CSV and aggregated results to CSV/JSON (requirement 9-10).\n- Add optional parallel execution for seeds (e.g., with joblib or concurrent.futures) and include progress reporting.\n- Improve robustness: validate input shapes, ensure no leakage, carefully handle cold-start users and unseen items in test; clearly log or raise informative errors when constraints are violated.\n- Logging: Replace print statements with a lightweight logger, documenting seeds, splits, hyperparameters, and any warnings.\n\nIf you want, I can provide a concrete rewritten version that uses LensKit's ImplicitMF, thresholded implicit feedback, strict 0-based mapping, and robust, parallelized multi-seed evaluation with CSV/JSON outputs and CI estimates.", is_satisfactory=False)
[05/14/26 11:15:17] INFO     Treesearch iteration 1/10              search.py:74
[05/14/26 12:01:04] INFO     Node execution successful,     minimal_agent.py:620
                             proceeding with detailed                           
                             scoring                                            
NodeScore(score=58.0, feedback='Code review score: 58/100. See detailed mapping below. ', is_satisfactory=False)
[05/14/26 12:01:33] INFO     Treesearch iteration 2/10              search.py:74
[05/14/26 12:03:11] INFO     Node identified as buggy:      minimal_agent.py:571
                             Execution failed due to                            
                             missing lenskit_implicit                           
                             dependency:                                        
                             ModuleNotFoundError: No module                     
                             named 'lenskit_implicit' when                      
                             importing ImplicitMF from                          
                             LensKit. This indicates the                        
                             environment lacks the compiled                     
                             extension wheel or optional                        
                             subpackage required for                            
                             implicit-mf support. As a                          
                             result, the experiment cannot                      
                             proceed. Suggested fixes: 1)                       
                             Install the required LensKit                       
                             implicit package (e.g., pip                        
                             install lenskit-implicit or                        
                             pip install lenskit[implicit],                     
                             depending on the distribution)                     
                             or ensure a wheel/binary is                        
                             available for the Python                           
                             version and platform. 2) If                        
                             the package is not available                       
                             for the environment (e.g.,                         
                             PyPI wheels are not built for                      
                             Python 3.11), consider                             
                             upgrading/downgrading Python                       
                             or building from source where                      
                             feasible. 3) If you cannot                         
                             install the implicit module,                       
                             modify the experiment to use a                     
                             supported algorithm (e.g., a                       
                             pure-Python baseline or a                          
                             different LensKit algorithm)                       
                             or mock the ImplicitMF for                         
                             reproducibility. 4) Add a                          
                             robust import guard and clear                      
                             error messaging to guide users                     
                             when dependencies are missing.                     
                    INFO     Treesearch iteration 3/10              search.py:74
[05/14/26 12:54:46] INFO     Node identified as buggy: Bug  minimal_agent.py:571
                             in                                                 
                             train_test_split_by_user_map:                      
                             test rows are not restricted                       
                             to the current user. The                           
                             function samples test indices                      
                             per user (test_idx) but then                       
                             appends                                            
                             df.loc[df.index.isin(test_idx)                     
                             ] for every user, which                            
                             selects rows from the whole                        
                             dataset rather than from the                       
                             current user group. This                           
                             yields a test set that                             
                             includes interactions from all                     
                             users and duplicates test rows                     
                             across users, corrupting                           
                             per-seed evaluation. Fix by                        
                             selecting test rows from the                       
                             user's group only, e.g.,                           
                             train_rows.append(g.loc[~g.ind                     
                             ex.isin(test_idx)]) and                            
                             test_rows.append(g.loc[g.index                     
                             .isin(test_idx)]) or by                            
                             applying the mask within each                      
                             user group.                                        
                    INFO     Treesearch iteration 4/10              search.py:74
[05/14/26 13:05:32] INFO     Node identified as buggy:      minimal_agent.py:571
                             Evaluation logic uses the                          
                             user’s training items as the                       
                             sole candidate set for                             
                             ranking. Since the test item                       
                             is drawn from items not in the                     
                             training set for the same                          
                             user, the true item cannot                         
                             appear in the top-K, yielding                      
                             NDCG/Recall of zero regardless                     
                             of model quality. This makes                       
                             seeds’ impact unobservable and                     
                             hides actual performance.                          
                             Possible empty training sets                       
                             per user can exacerbate this.                      
                             Fixes:                                             
                             - For each test example, build                     
                             a candidate set that includes                      
                             the test item plus a subset of                     
                             items the user has interacted                      
                             with in training (and                              
                             optionally negatives sampled                       
                             from all items).                                   
                             - Score all candidates with                        
                             the model, sort, and compute                       
                             NDCG/Recall using the true                         
                             item’s rank within that                            
                             candidate set.                                     
                             - Bound the candidate set                          
                             (e.g., 100 items) to keep                          
                             computation tractable.                             
                             - Ensure                                           
                             train_test_split_by_user does                      
                             not produce empty training                         
                             data for any user; or                              
                             explicitly skip/handle users                       
                             with no training items in                          
                             evaluation (or use a global                        
                             candidate pool when train                          
                             items are missing).                                
                             - If retaining LensKit, ensure                     
                             proper integration, including                      
                             consistent seeding for                             
                             reproducibility.                                   
                    INFO     Treesearch iteration 5/10              search.py:74
