Enter you request, write "!start" to start:
> > > > > > [05/13/26 19:00:13] INFO     Starting AutoRecLab...                   main.py:25
[05/13/26 19:00:14] INFO     Initializing agent...           minimal_agent.py:52
                    INFO     Engineering code               minimal_agent.py:508
                             requirements...                                    
[05/13/26 19:00:23] INFO     Done.                          minimal_agent.py:527
                    INFO     Agent initialized!              minimal_agent.py:64
                    INFO     Initializing agent...            interpreter.py:102
                    INFO     Interpreter initialized!         interpreter.py:112
                    INFO     Starting tree search...                search.py:63
                    INFO     Generating draft node 1/3              search.py:66
[cyan]--------------------------------[/cyan]
[cyan]self.task_desc[/cyan]
[cyan] You are an expert recommender systems research assistant who is looking to help the user with their requests.
The user has some idea and you want to conduct creative experiments to gain scientific insights.
Your aim is to run experiments to gather sufficient results to report back to the user.
The idea is:

I'd like to run an experiment to quantify how much random seeds affect recommender system results.
Please use a simple ImplicitMF algorithm from LensKit, perform a train/test split on the MovieLens100K u.data file,
train it multiple times with identical settings but different random seeds,
and analyze how metrics like NDCG or Recall vary across runs to find out if reporting seeds is important.
I placed the u.data file of MovieLens100K in your current working directory. You can load it from there![/cyan]
[cyan]--------------------------------[/cyan]
MinimalAgent: Getting plan and code
MinimalAgent: Draft complete
[05/13/26 19:01:16] INFO     Node identified as buggy:      minimal_agent.py:571
                             Execution failed immediately                       
                             with an ImportError: `from                         
                             lenskit.data import records`                       
                             could not be imported in the                       
                             installed LensKit version.                         
                             This prevents the experiment                       
                             from running at all, so no                         
                             metrics were produced. Fix by                      
                             updating the import/API usage                      
                             for the installed LensKit                          
                             release (for example, use the                      
                             current LensKit data                               
                             construction utilities instead                     
                             of `lenskit.data.records`, or                      
                             install a LensKit version that                     
                             still exposes that symbol).                        
                             Also verify the `ImplicitMF`                       
                             import path matches the                            
                             installed package version.                         
                    INFO     Generating draft node 2/3              search.py:66
[cyan]--------------------------------[/cyan]
[cyan]self.task_desc[/cyan]
[cyan] You are an expert recommender systems research assistant who is looking to help the user with their requests.
The user has some idea and you want to conduct creative experiments to gain scientific insights.
Your aim is to run experiments to gather sufficient results to report back to the user.
The idea is:

I'd like to run an experiment to quantify how much random seeds affect recommender system results.
Please use a simple ImplicitMF algorithm from LensKit, perform a train/test split on the MovieLens100K u.data file,
train it multiple times with identical settings but different random seeds,
and analyze how metrics like NDCG or Recall vary across runs to find out if reporting seeds is important.
I placed the u.data file of MovieLens100K in your current working directory. You can load it from there![/cyan]
[cyan]--------------------------------[/cyan]
MinimalAgent: Getting plan and code
MinimalAgent: Draft complete
[05/13/26 19:01:53] INFO     Node identified as buggy: The  minimal_agent.py:571
                             script failed at model                             
                             construction:                                      
                             `ImplicitMF.__init__()` does                       
                             not accept the `random_seed`                       
                             keyword argument in the                            
                             installed LensKit version,                         
                             causing a TypeError before any                     
                             training or evaluation could                       
                             run. Fix by using the correct                      
                             parameter name for seeding in                      
                             this LensKit API (or set the                       
                             RNG seed globally / via the                        
                             estimator's supported                              
                             `rng`/`seed` argument), and                        
                             verify the constructor                             
                             signature for `ImplicitMF` in                      
                             the installed version. After                       
                             that, rerun to confirm the                         
                             model trains and metrics are                       
                             produced.                                          
                    INFO     Generating draft node 3/3              search.py:66
[cyan]--------------------------------[/cyan]
[cyan]self.task_desc[/cyan]
[cyan] You are an expert recommender systems research assistant who is looking to help the user with their requests.
The user has some idea and you want to conduct creative experiments to gain scientific insights.
Your aim is to run experiments to gather sufficient results to report back to the user.
The idea is:

I'd like to run an experiment to quantify how much random seeds affect recommender system results.
Please use a simple ImplicitMF algorithm from LensKit, perform a train/test split on the MovieLens100K u.data file,
train it multiple times with identical settings but different random seeds,
and analyze how metrics like NDCG or Recall vary across runs to find out if reporting seeds is important.
I placed the u.data file of MovieLens100K in your current working directory. You can load it from there![/cyan]
[cyan]--------------------------------[/cyan]
MinimalAgent: Getting plan and code
MinimalAgent: Draft complete
[05/13/26 19:02:18] INFO     Node identified as buggy: The  minimal_agent.py:571
                             script failed immediately with                     
                             an ImportError: `cannot import                     
                             name 'Dataset' from                                
                             'lenskit.data'`. This prevents                     
                             any training, evaluation, or                       
                             saving of results from                             
                             running. To fix it, use the                        
                             LensKit API version installed                      
                             in the environment: either                         
                             update the code to the correct                     
                             import path for `Dataset` in                       
                             this LensKit release, or avoid                     
                             `Dataset` entirely and pass                        
                             the interactions in the format                     
                             expected by `ImplicitMF.fit`                       
                             (or install a compatible                           
                             LensKit version).                                  
                    INFO     Treesearch iteration 1/10              search.py:74
[05/13/26 19:05:46] INFO     Node execution successful,     minimal_agent.py:620
                             proceeding with detailed                           
                             scoring                                            
NodeScore(score=80, feedback='Overall the implementation is strong and mostly meets the experiment requirements. It correctly loads MovieLens100K from local u.data with the right schema, uses a fixed train/test split, varies only the model seed across 10 runs, evaluates top-N ranking metrics consistently, and reports per-seed plus summary statistics. It also saves artifacts and a plot for reproducibility.\n\nRequirement-by-requirement:\n1. Load u.data with correct delimiter/schema: Fulfilled.\n2. Reproducible train/test split for implicit-feedback evaluation and fixed across seeds: Fulfilled.\n3. Train ImplicitMF multiple times with same hyperparameters and varying only seed: Fulfilled.\n4. Same data split, candidate set, and evaluation protocol across runs: Fulfilled.\n5. Generate top-N recommendation lists for test users: Fulfilled.\n6. Compute ranking metrics consistently across runs: Fulfilled.\n7. Aggregate metric values across seeds and report summary statistics: Fulfilled.\n8. Include enough runs/seeds and expose the list of seeds: Mostly fulfilled (10 seeds is good; list is explicit).\n9. Fix all other randomness besides model seed: Partially fulfilled. The split seed is fixed, but there may still be hidden nondeterminism from Numba/BLAS/LensKit internals or thread scheduling, and the fallback branch uses global np.random.seed only if the estimator API lacks a seed parameter. Candidate generation and evaluation are deterministic.\n10. Output results in a clear, reproducible format supporting the seed-reporting question: Fulfilled.\n\nMain issues/improvements: the train/test split is user-stratified but not time-aware, which is acceptable for a basic implicit-feedback study but not ideal if temporal leakage matters. More importantly, the evaluation uses all unseen items as candidates, which is okay but should be stated explicitly. The code also prints validation_loss = nan, indicating no real loss tracking; this is harmless here but confusing. To make the experiment more rigorous, pin library versions, set deterministic thread counts, and verify the exact LensKit seed parameter used rather than relying on introspection fallback.', is_satisfactory=True)
[05/13/26 19:05:50] INFO     Found satisfactory node:               search.py:87
                    WARNING  SAVING 3.....                         search.py:121
                    INFO     Final response:                       search.py:106
                    INFO     Summarizing results...         minimal_agent.py:712
I ran the seed-sensitivity experiment you described with LensKit’s `ImplicitMF` on MovieLens100K using a single 80/20 train/test split and 10 different model seeds.

What was tested:
- Same train/test split each time (`random_state=42`)
- Same model settings each time (`features=32`, `iterations=15`, `reg=0.1`)
- Only the random seed changed across runs
- Metrics reported: `Recall@10` and `NDCG@10`

What happened:
- The validation loss printed as `nan` for all 10 runs, so there isn’t a usable loss comparison here.
- The ranking metrics did vary across seeds, but only modestly.

Results across seeds:
- `Recall@10`
  - mean: 0.170343
  - std: 0.001418
  - min: 0.166751
  - max: 0.171670
- `NDCG@10`
  - mean: 0.231155
  - std: 0.002800
  - min: 0.226770
  - max: 0.234591

Interpretation:
- The differences across seeds are small but real.
- `NDCG@10` varies a bit more than `Recall@10` in this experiment.
- Based on these runs, reporting the random seed is still important, because seed choice does affect the exact metric values, even if the variation is not huge.

One limitation: this experiment used only one train/test split, so it measures seed sensitivity under a fixed split, not overall variability across different data splits.
